   Compiling proc-macro2 v1.0.107
   Compiling unicode-ident v1.0.26
   Compiling quote v1.0.47
   Compiling libc v0.2.189
   Compiling syn v3.0.6
   Compiling syn v2.0.119
   Compiling serde_core v1.0.229
   Compiling cfg-if v1.0.5
   Compiling find-msvc-tools v0.1.12
   Compiling jobserver v0.1.35
   Compiling shlex v2.0.1
   Compiling cc v1.4.6
   Compiling bitflags v2.13.2
   Compiling zeroize_derive v1.5.0
   Compiling version_check v0.9.5
   Compiling zeroize v1.9.0
   Compiling smallvec v1.16.1
   Compiling typenum v1.20.1
   Compiling libm v0.2.16
   Compiling log v0.4.34
   Compiling objc2-encode v4.1.0
   Compiling bytemuck_derive v1.12.1
   Compiling autocfg v1.5.1
   Compiling bytemuck v1.25.2
   Compiling num-traits v0.2.19
   Compiling generic-array v0.14.7
   Compiling objc2-exception-helper v0.1.1
   Compiling getrandom v0.2.17
   Compiling subtle v2.6.1
   Compiling rand_core v0.6.4
   Compiling objc2 v0.6.4
   Compiling once_cell v1.21.4
   Compiling thiserror v2.0.20
   Compiling thiserror-impl v2.0.20
   Compiling serde v1.0.229
   Compiling serde_derive v1.0.229
   Compiling block2 v0.6.2
   Compiling dispatch2 v0.3.1
   Compiling crypto-common v0.1.7
   Compiling objc2-core-foundation v0.3.2
   Compiling displaydoc v0.2.7
   Compiling synstructure v0.14.0
   Compiling stable_deref_trait v1.2.1
   Compiling zerofrom-derive v0.1.8
   Compiling yoke-derive v0.8.4
   Compiling pin-project-lite v0.2.17
   Compiling zerovec-derive v0.11.6
   Compiling zerofrom v0.1.8
   Compiling yoke v0.8.3
   Compiling objc2-foundation v0.3.2
   Compiling zerovec v0.11.8
   Compiling const-oid v0.9.6
   Compiling tinystr v0.8.4
   Compiling zerocopy v0.8.57
   Compiling simd-adler32 v0.3.10
   Compiling foldhash v0.2.0
   Compiling zerocopy-derive v0.8.57
   Compiling crc32fast v1.5.2
   Compiling adler2 v2.0.1
   Compiling block-buffer v0.10.4
   Compiling pkg-config v0.3.34
   Compiling digest v0.10.7
   Compiling miniz_oxide v0.9.1
   Compiling itoa v1.0.18
   Compiling flate2 v1.1.10
   Compiling hashbrown v0.17.1
   Compiling futures-core v0.3.34
   Compiling cfg_aliases v0.2.2
   Compiling rand_core v0.10.1
   Compiling memchr v2.8.3
   Compiling cmake v0.1.58
   Compiling arrayvec v0.7.8
   Compiling bytes v1.12.1
   Compiling getrandom v0.4.3
   Compiling writeable v0.6.4
   Compiling litemap v0.8.3
   Compiling icu_locale_core v2.3.0
   Compiling potential_utf v0.1.6
   Compiling zerotrie v0.2.5
   Compiling icu_normalizer_data v2.3.0
   Compiling icu_properties_data v2.3.0
   Compiling utf8_iter v1.0.4
   Compiling icu_collections v2.3.0
   Compiling icu_provider v2.3.1
   Compiling objc2-core-graphics v0.3.2
   Compiling parking_lot_core v0.9.12
   Compiling core-foundation-sys v0.8.7
   Compiling crossbeam-utils v0.8.23
   Compiling dunce v1.0.5
   Compiling fs_extra v1.3.0
   Compiling percent-encoding v2.3.2
   Compiling scopeguard v1.2.0
   Compiling aws-lc-sys v0.45.0
   Compiling lock_api v0.4.14
   Compiling icu_properties v2.3.0
   Compiling icu_normalizer v2.3.0
   Compiling miniz_oxide v0.8.9
   Compiling fdeflate v0.3.7
   Compiling num-complex v0.4.6
   Compiling cpufeatures v0.2.17
   Compiling zmij v1.0.23
   Compiling base64ct v1.8.3
   Compiling pem-rfc7468 v0.7.0
   Compiling png v0.18.1
   Compiling parking_lot v0.12.5
   Compiling idna_adapter v1.2.2
   Compiling hmac v0.12.1
   Compiling tracing-core v0.1.36
   Compiling tracing-attributes v0.1.31
   Compiling tokio-macros v2.7.2
   Compiling mio v1.2.3
   Compiling socket2 v0.6.5
   Compiling serde_json v1.0.151
   Compiling futures-sink v0.3.34
   Compiling raw-window-handle v0.6.2
   Compiling tokio v1.53.1
   Compiling tracing v0.1.44
   Compiling idna v1.1.0
   Compiling der v0.7.10
   Compiling form_urlencoded v1.2.2
   Compiling http v1.5.0
   Compiling half v2.7.1
   Compiling futures-task v0.3.34
   Compiling aws-lc-rs v1.18.1
   Compiling objc-sys v0.3.5
   Compiling proc-macro-hack v0.5.20+deprecated
   Compiling slab v0.4.12
   Compiling futures-util v0.3.34
   Compiling url v2.5.8
   Compiling spki v0.7.3
   Compiling uuid v1.26.1
   Compiling font-types v0.12.5
   Compiling rustls-pki-types v1.15.1
   Compiling read-fonts v0.41.0
   Compiling unic-langid-impl v0.9.6
   Compiling pkcs8 v0.10.2
   Compiling polycool v0.4.0
   Compiling inout v0.1.4
   Compiling ff v0.13.1
   Compiling base16ct v0.2.0
   Compiling num-conv v0.2.2
   Compiling linebender_resource_handle v0.1.1
   Compiling equivalent v1.0.2
   Compiling lazy_static v1.5.0
   Compiling time-core v0.1.9
   Compiling time-macros v0.2.32
   Compiling symphonia-core v0.6.1
   Compiling indexmap v2.14.2
   Compiling sec1 v0.7.3
   Compiling group v0.13.0
   Compiling cipher v0.4.4
   Compiling kurbo v0.13.1
   Compiling unic-langid-macros-impl v0.9.6
   Compiling objc2 v0.5.2
   Compiling hkdf v0.12.4
   Compiling crypto-bigint v0.5.5
   Compiling euclid v0.22.14
   Compiling color v0.3.3
   Compiling num_threads v0.1.7
   Compiling semver v1.0.28
   Compiling unicode-segmentation v1.13.3
   Compiling powerfmt v0.2.0
   Compiling profiling v1.0.18
   Compiling deranged v0.5.8
   Compiling rustls v0.23.45
   Compiling untrusted v0.9.0
   Compiling httparse v1.10.1
   Compiling time v0.3.55
   Compiling rustc_version v0.4.1
   Compiling peniko v0.6.1
   Compiling guillotiere v0.7.0
   Compiling elliptic-curve v0.13.8
   Compiling block2 v0.5.1
   Compiling objc2-app-kit v0.3.2
   Compiling model v0.1.0 (/private/tmp/serein-resume-baseline-71/crates/model)
   Compiling static_assertions v1.1.0
   Compiling fearless_simd v0.4.1
   Compiling either v1.18.0
   Compiling dispatch v0.2.0
   Compiling rustc-hash v1.1.0
   Compiling naga-types v30.0.1
   Compiling objc2-foundation v0.2.2
   Compiling rustls-webpki v0.103.15
   Compiling vello_common v0.2.0
   Compiling curve25519-dalek v4.1.3
   Compiling skrifa v0.44.0
   Compiling core-foundation v0.9.4
   Compiling naga v30.0.1
   Compiling futures-channel v0.3.34
   Compiling signature v2.2.0
   Compiling universal-hash v0.5.1
   Compiling ahash v0.8.12
   Compiling tls_codec_derive v0.4.2
   Compiling foreign-types-macros v0.2.4
   Compiling opaque-debug v0.3.1
   Compiling unicode-width v0.2.2
   Compiling bitflags v1.3.2
   Compiling unicode-general-category v1.1.0
   Compiling self_cell v1.3.0
   Compiling same-file v1.0.6
   Compiling bit-vec v0.9.1
   Compiling foreign-types-shared v0.3.1
   Compiling regex-lite v0.1.9
   Compiling symphonia-metadata v0.6.1
   Compiling foreign-types v0.5.0
   Compiling bit-set v0.10.0
   Compiling walkdir v2.5.0
   Compiling core-graphics-types v0.1.3
   Compiling codespan-reporting v0.13.1
   Compiling tls_codec v0.4.2
   Compiling glifo v0.3.0
   Compiling objc2-app-kit v0.2.2
   Compiling accesskit v0.24.1
   Compiling sha2 v0.10.9
   Compiling security-framework-sys v2.17.0
   Compiling core-foundation v0.10.1
   Compiling objc2-metal v0.3.2
   Compiling winit v0.30.13
   Compiling emath v0.36.2 (https://github.com/emilk/egui?rev=fe6d63efa4a4df6f56ceab814d4f3a6efab69b88#fe6d63ef)
   Compiling hybrid-array v0.4.15
   Compiling crossbeam-epoch v0.9.21
   Compiling zune-core v0.5.3
   Compiling quick-error v2.0.1
   Compiling rustc-hash v2.1.3
   Compiling dpi v0.1.2
   Compiling weezl v0.1.12
   Compiling objc2-quartz-core v0.3.2
   Compiling zune-jpeg v0.5.15
   Compiling ecolor v0.36.2 (https://github.com/emilk/egui?rev=fe6d63efa4a4df6f56ceab814d4f3a6efab69b88#fe6d63ef)
   Compiling unic-langid-macros v0.9.6
   Compiling security-framework v3.7.0
   Compiling vello_cpu v0.2.0
   Compiling core-graphics v0.23.2
   Compiling wgpu-types v30.0.1
   Compiling session-cache v0.1.0 (/private/tmp/serein-resume-baseline-71/crates/session-cache)
   Compiling primeorder v0.13.6
   Compiling harfrust v0.12.0
   Compiling http-body v1.1.0
   Compiling rfc6979 v0.4.0
   Compiling wgpu-hal v30.0.1
   Compiling ppv-lite86 v0.2.21
   Compiling num-integer v0.1.47
   Compiling cursor-icon v1.2.0
   Compiling unicode-xid v0.2.6
   Compiling pxfm v0.1.30
   Compiling smol_str v0.2.2
   Compiling byteorder-lite v0.1.0
   Compiling color_quant v1.1.0
   Compiling crossbeam-deque v0.8.8
   Compiling litrs v1.0.0
   Compiling fax v0.2.7
   Compiling unicode-properties v0.1.4
   Compiling nohash-hasher v0.2.0
   Compiling epaint_default_fonts v0.36.2 (https://github.com/emilk/egui?rev=fe6d63efa4a4df6f56ceab814d4f3a6efab69b88#fe6d63ef)
   Compiling epaint v0.36.2 (https://github.com/emilk/egui?rev=fe6d63efa4a4df6f56ceab814d4f3a6efab69b88#fe6d63ef)
   Compiling tiff v0.11.3
   Compiling document-features v0.2.12
   Compiling gif v0.14.2
   Compiling image-webp v0.2.4
   Compiling moxcms v0.8.1
   Compiling derive_more-impl v2.1.1
   Compiling rand_chacha v0.3.1
   Compiling ecdsa v0.16.9
   Compiling client-core v0.1.0 (/private/tmp/serein-resume-baseline-71/crates/client-core)
   Compiling wgpu-naga-bridge v30.0.1
   Compiling unic-langid v0.9.6
   Compiling raw-window-metal v1.1.0
   Compiling type-map v0.5.1
   Compiling block-buffer v0.12.1
   Compiling crypto-common v0.2.2
   Compiling openmls_traits v0.5.0
   Compiling symphonia-common v0.6.1
   Compiling polyval v0.6.2
   Compiling tokio-rustls v0.26.5
   Compiling aead v0.5.2
   Compiling libloading v0.8.9
   Compiling option-ext v0.2.0
   Compiling rayon-core v1.13.0
   Compiling rand_core v0.9.5
   Compiling strength_reduce v0.2.4
   Compiling try-lock v0.2.5
   Compiling const-oid v0.10.2
   Compiling base64 v0.22.1
   Compiling tower-service v0.3.3
   Compiling digest v0.11.3
   Compiling want v0.3.1
   Compiling transpose v0.2.3
   Compiling hpke-rs-crypto v0.6.1
   Compiling dirs-sys v0.5.0
   Compiling ghash v0.5.1
   Compiling p256 v0.13.2
   Compiling image v0.25.10
   Compiling rand v0.8.8
   Compiling derive_more v2.1.1
   Compiling primal-check v0.3.4
   Compiling poly1305 v0.8.0
   Compiling ed25519 v2.2.3
   Compiling itertools v0.15.0
   Compiling nasm-rs v0.3.2
   Compiling chacha20 v0.9.1
   Compiling aes v0.8.4
   Compiling ctr v0.9.2
   Compiling crossbeam-queue v0.3.14
   Compiling keccak v0.1.6
   Compiling objc2-core-location v0.3.2
   Compiling chacha20 v0.10.2
   Compiling wgpu-core v30.0.1
   Compiling hashbrown v0.16.1
   Compiling objc2-core-video v0.3.2
   Compiling objc2-core-audio-types v0.3.2
   Compiling cookie v0.18.2
   Compiling mac-notification-sys v0.6.15
   Compiling cpufeatures v0.3.1
   Compiling compression-core v0.4.33
   Compiling sonora-simd v0.2.0
   Compiling futures-io v0.3.34
   Compiling wasmparser v0.228.0
   Compiling atomic-waker v1.1.2
   Compiling fastrand v2.5.0
   Compiling wasmi_ir v2.0.0
   Compiling sonora-fft v0.2.0
   Compiling parking v2.2.1
   Compiling vcpkg v0.2.15
   Compiling libsqlite3-sys v0.38.2
   Compiling futures-lite v2.6.1
   Compiling hyper v1.11.1
   Compiling sonora-common-audio v0.2.0
   Compiling compression-codecs v0.4.43
   Compiling sha1 v0.11.0
   Compiling objc2-core-audio v0.3.2
   Compiling objc2-core-media v0.3.2
   Compiling accesskit_consumer v0.38.0
   Compiling rand v0.10.2
   Compiling objc2-user-notifications v0.3.2
   Compiling sha3 v0.10.9
   Compiling doom-fish-utils v0.4.0
   Compiling aes-gcm v0.10.3
   Compiling chacha20poly1305 v0.10.1
   Compiling openh264-sys2 v0.9.8
   Compiling egui v0.36.2 (https://github.com/emilk/egui?rev=fe6d63efa4a4df6f56ceab814d4f3a6efab69b88#fe6d63ef)
   Compiling ed25519-dalek v2.2.0
   Compiling rustfft v6.4.1
   Compiling wgpu-core-deps-apple v30.0.1
   Compiling dirs v7.0.0
   Compiling wry v0.57.0 (/private/tmp/serein-resume-baseline-71/vendor/wry)
   Compiling p384 v0.13.1
   Compiling x25519-dalek v2.0.1
   Compiling libopus_sys v0.3.3
   Compiling k256 v0.13.4
   Compiling webpki-roots v1.0.9
   Compiling wgpu v30.0.1
   Compiling sync_wrapper v1.0.2
   Compiling wasmi_core v2.0.0
   Compiling keyring-core v1.0.0
   Compiling wasmi v2.0.0
   Compiling anymap3 v1.1.0
   Compiling rfd v0.17.2
   Compiling futures-timer v3.0.4
   Compiling extended v0.1.0
   Compiling apple-metal v0.9.0
   Compiling tower-layer v0.3.3
   Compiling apple-cf v0.10.0
   Compiling ipnet v2.12.2
   Compiling data-encoding v2.11.1
   Compiling tungstenite v0.30.0
   Compiling hyper-util v0.1.20
   Compiling tower v0.5.3
   Compiling symphonia-format-riff v0.6.1
   Compiling mac-usernotifications v0.3.1
   Compiling generic_singleton v0.5.3
   Compiling apple-native-keyring-store v1.0.2
   Compiling webpki-roots v0.26.11
   Compiling hpke-rs-rust-crypto v0.6.1
   Compiling rayon v1.12.0
   Compiling realfft v3.5.0
   Compiling hpke-rs v0.6.1 (/private/tmp/serein-resume-baseline-71/vendor/hpke-rs)
   Compiling accesskit_macos v0.26.3
   Compiling objc2-audio-toolbox v0.3.2
   Compiling async-compression v0.4.48
   Compiling symphonia-codec-vorbis v0.6.1
   Compiling symphonia-format-ogg v0.6.1
   Compiling symphonia-codec-aac v0.6.1
   Compiling openmls_memory_storage v0.5.0
   Compiling intl-memoizer v0.5.3
   Compiling intl_pluralrules v7.0.2
   Compiling fluent-langneg v0.13.1
   Compiling http-body-util v0.1.5
   Compiling objc2-web-kit v0.3.2
   Compiling keyboard-types v0.7.0
   Compiling salsa20 v0.10.2
   Compiling symphonia-codec-pcm v0.6.1
   Compiling symphonia-bundle-mp3 v0.6.1
   Compiling tokio-util v0.7.19
   Compiling pbkdf2 v0.12.2
   Compiling crossbeam-channel v0.5.17
   Compiling fluent-syntax v0.12.0
   Compiling serde_path_to_error v0.1.20
   Compiling objc2-core-text v0.3.2
   Compiling serde_bytes v0.11.19
   Compiling memmap2 v0.9.11
   Compiling array-init v2.1.0
   Compiling spin v0.9.9
   Compiling web-time v1.1.0
   Compiling pulldown-cmark v0.13.4
   Compiling wasmi_collections v2.0.0
   Compiling cpal v0.18.2
   Compiling parlance v0.1.0
   Compiling sys-locale v0.3.2
   Compiling screencapturekit v10.0.3
   Compiling strict-num v0.1.1
   Compiling arrayref v0.3.9
   Compiling tiny-skia-path v0.12.0
   Compiling fontique v0.11.1
   Compiling easyfft v0.4.2
   Compiling openmls v0.8.1
   Compiling discord-protocol v0.1.0 (/private/tmp/serein-resume-baseline-71/crates/discord-protocol)
   Compiling fluent-bundle v0.16.0
   Compiling global-hotkey v0.8.0
   Compiling scrypt v0.11.0
   Compiling symphonia v0.6.1
   Compiling tower-http v0.6.11
warning: unexpected `cfg` condition name: `macos_12_unavailable`
   --> vendor/wry/src/wkwebview/class/wry_web_view_ui_delegate.rs:129:13
    |
129 |         #[cfg(not(macos_12_unavailable))]
    |                   ^^^^^^^^^^^^^^^^^^^^
    |
    = help: expected names are: `docsrs`, `feature`, `gtk`, `linux`, and `test` and 32 more
    = help: consider using a Cargo feature instead
    = help: or consider adding in `Cargo.toml` the `check-cfg` lint config for the lint:
             [lints.rust]
             unexpected_cfgs = { level = "warn", check-cfg = ['cfg(macos_12_unavailable)'] }
    = help: or consider adding `println!("cargo::rustc-check-cfg=cfg(macos_12_unavailable)");` to the top of the `build.rs`
    = note: see <https://doc.rust-lang.org/nightly/rustc/check-cfg/cargo-specifics.html> for more information about checking conditional configuration
    = note: requested on the command line with `-W unexpected-cfgs`

warning: unused import: `NSObject`
  --> vendor/wry/src/wkwebview/mod.rs:38:23
   |
38 |     runtime::{AnyObject, NSObject, ProtocolObject},
   |                          ^^^^^^^^
   |
   = note: `#[warn(unused_imports)]` (part of `#[warn(unused)]`) on by default

warning: use of deprecated static `objc2_app_kit::NSFilenamesPboardType`: Create multiple pasteboard items with NSPasteboardTypeFileURL or kUTTypeFileURL instead
  --> vendor/wry/src/wkwebview/drag_drop.rs:11:54
   |
11 | use objc2_app_kit::{NSDragOperation, NSDraggingInfo, NSFilenamesPboardType};
   |                                                      ^^^^^^^^^^^^^^^^^^^^^
   |
   = note: `#[warn(deprecated)]` on by default

warning: use of deprecated static `objc2_app_kit::NSFilenamesPboardType`: Create multiple pasteboard items with NSPasteboardTypeFileURL or kUTTypeFileURL instead
  --> vendor/wry/src/wkwebview/drag_drop.rs:21:39
   |
21 |     let types = NSArray::arrayWithObject(NSFilenamesPboardType);
   |                                          ^^^^^^^^^^^^^^^^^^^^^

warning: use of deprecated static `objc2_app_kit::NSFilenamesPboardType`: Create multiple pasteboard items with NSPasteboardTypeFileURL or kUTTypeFileURL instead
  --> vendor/wry/src/wkwebview/drag_drop.rs:24:38
   |
24 |         let paths = pb.propertyListForType(NSFilenamesPboardType).unwrap();
   |                                            ^^^^^^^^^^^^^^^^^^^^^

warning: use of deprecated static `objc2_app_kit::NSAlternateKeyMask`
 --> vendor/wry/src/wkwebview/synthetic_mouse_events.rs:2:2
  |
2 |     NSAlternateKeyMask, NSCommandKeyMask, NSControlKeyMask, NSEvent, NSEventType, NSShiftKeyMask,
  |     ^^^^^^^^^^^^^^^^^^

warning: use of deprecated static `objc2_app_kit::NSCommandKeyMask`
 --> vendor/wry/src/wkwebview/synthetic_mouse_events.rs:2:22
  |
2 |     NSAlternateKeyMask, NSCommandKeyMask, NSControlKeyMask, NSEvent, NSEventType, NSShiftKeyMask,
  |                         ^^^^^^^^^^^^^^^^

warning: use of deprecated static `objc2_app_kit::NSControlKeyMask`
 --> vendor/wry/src/wkwebview/synthetic_mouse_events.rs:2:40
  |
2 |     NSAlternateKeyMask, NSCommandKeyMask, NSControlKeyMask, NSEvent, NSEventType, NSShiftKeyMask,
  |                                           ^^^^^^^^^^^^^^^^

warning: use of deprecated static `objc2_app_kit::NSShiftKeyMask`
 --> vendor/wry/src/wkwebview/synthetic_mouse_events.rs:2:80
  |
2 |     NSAlternateKeyMask, NSCommandKeyMask, NSControlKeyMask, NSEvent, NSEventType, NSShiftKeyMask,
  |                                                                                   ^^^^^^^^^^^^^^

warning: use of deprecated static `objc2_app_kit::NSControlKeyMask`
   --> vendor/wry/src/wkwebview/synthetic_mouse_events.rs:116:34
    |
116 |         ctrl_key = mods_flags.contains(NSControlKeyMask),
    |                                        ^^^^^^^^^^^^^^^^

warning: use of deprecated static `objc2_app_kit::NSAlternateKeyMask`
   --> vendor/wry/src/wkwebview/synthetic_mouse_events.rs:117:33
    |
117 |         alt_key = mods_flags.contains(NSAlternateKeyMask),
    |                                       ^^^^^^^^^^^^^^^^^^

warning: use of deprecated static `objc2_app_kit::NSShiftKeyMask`
   --> vendor/wry/src/wkwebview/synthetic_mouse_events.rs:118:35
    |
118 |         shift_key = mods_flags.contains(NSShiftKeyMask),
    |                                         ^^^^^^^^^^^^^^

warning: use of deprecated static `objc2_app_kit::NSCommandKeyMask`
   --> vendor/wry/src/wkwebview/synthetic_mouse_events.rs:119:34
    |
119 |         meta_key = mods_flags.contains(NSCommandKeyMask),
    |                                        ^^^^^^^^^^^^^^^^

warning: unused variable: `error`
   --> vendor/wry/src/wkwebview/download.rs:106:2
    |
106 |     error: &NSError,
    |     ^^^^^ help: if this is intentional, prefix it with an underscore: `_error`
    |
    = note: `#[warn(unused_variables)]` (part of `#[warn(unused)]`) on by default

warning: unnecessary `unsafe` block
  --> vendor/wry/src/wkwebview/drag_drop.rs:40:20
   |
40 |     let dl: NSPoint = unsafe { drag_info.draggingLocation() };
   |                       ^^^^^^ unnecessary `unsafe` block
   |
   = note: `#[warn(unused_unsafe)]` (part of `#[warn(unused)]`) on by default

warning: unnecessary `unsafe` block
  --> vendor/wry/src/wkwebview/drag_drop.rs:57:20
   |
57 |     let dl: NSPoint = unsafe { drag_info.draggingLocation() };
   |                       ^^^^^^ unnecessary `unsafe` block

warning: unnecessary `unsafe` block
  --> vendor/wry/src/wkwebview/drag_drop.rs:85:20
   |
85 |     let dl: NSPoint = unsafe { drag_info.draggingLocation() };
   |                       ^^^^^^ unnecessary `unsafe` block

warning: unnecessary `unsafe` block
  --> vendor/wry/src/wkwebview/class/wry_web_view_parent.rs:33:4
   |
33 |             unsafe {
   |             ^^^^^^ unnecessary `unsafe` block

warning: unnecessary `unsafe` block
  --> vendor/wry/src/wkwebview/class/wry_web_view_ui_delegate.rs:43:3
   |
43 |         unsafe {
   |         ^^^^^^ unnecessary `unsafe` block

warning: `wry` (lib) generated 19 warnings (run `cargo fix --lib -p wry` to apply 2 suggestions)
   Compiling openmls_rust_crypto v0.5.1
   Compiling notify-rust v4.18.0
   Compiling coreaudio-rs v0.14.2
   Compiling accesskit_winit v0.32.2
   Compiling fluent-template-macros v0.15.1
   Compiling tokio-tungstenite v0.30.0
   Compiling keyring v4.2.0
   Compiling hyper-rustls v0.27.9
   Compiling openmls_basic_credential v0.5.0
   Compiling objc2-video-toolbox v0.3.2
   Compiling sonora-aec3 v0.2.0
   Compiling sonora-agc2 v0.2.0
   Compiling sonora-ns v0.2.0
   Compiling arboard v3.6.1
   Compiling poll-promise v0.3.0
   Compiling rustls-platform-verifier v0.7.0
   Compiling webbrowser v1.2.4
   Compiling hashlink v0.12.2
   Compiling wide v1.7.1
   Compiling num-derive v0.4.2
   Compiling fallible-iterator v0.3.0
   Compiling discord-voice v0.1.0 (/private/tmp/serein-resume-baseline-71/crates/discord-voice)
   Compiling base64 v0.23.1
   Compiling mach2 v0.6.0
   Compiling hex-literal v0.3.4
   Compiling fallible-streaming-iterator v0.1.9
   Compiling unicode-script v0.5.8
   Compiling unicase v2.9.0
   Compiling dasp_sample v0.11.0
   Compiling egui_system_fonts v0.36.2 (https://github.com/emilk/egui?rev=fe6d63efa4a4df6f56ceab814d4f3a6efab69b88#fe6d63ef)
   Compiling rusqlite v0.40.2
   Compiling davey v0.1.4 (/private/tmp/serein-resume-baseline-71/vendor/davey)
   Compiling reqwest v0.13.5
   Compiling openh264 v0.9.8
   Compiling egui-winit v0.36.2 (https://github.com/emilk/egui?rev=fe6d63efa4a4df6f56ceab814d4f3a6efab69b88#fe6d63ef)
   Compiling sonora v0.2.0
   Compiling platform v0.1.0 (/private/tmp/serein-resume-baseline-71/crates/platform)
   Compiling fluent-templates v0.15.1
   Compiling egui-wgpu v0.36.2 (https://github.com/emilk/egui?rev=fe6d63efa4a4df6f56ceab814d4f3a6efab69b88#fe6d63ef)
   Compiling opus2 v0.4.0
   Compiling nnnoiseless v0.5.2
   Compiling extensions v0.1.0 (/private/tmp/serein-resume-baseline-71/crates/extensions)
   Compiling tiny-skia v0.12.0
   Compiling objc2-av-foundation v0.3.2
   Compiling serein v0.1.0 (/private/tmp/serein-resume-baseline-71/apps/desktop)
   Compiling rtrb v0.4.0
   Compiling ruzstd v0.9.0
   Compiling unicode-bidi v0.3.18
   Compiling pollster v1.0.1
   Compiling eframe v0.36.2 (https://github.com/emilk/egui?rev=fe6d63efa4a4df6f56ceab814d4f3a6efab69b88#fe6d63ef)
   Compiling ui v0.1.0 (/private/tmp/serein-resume-baseline-71/crates/ui)
   Compiling rasterlottie v0.2.2
   Compiling discord-api v0.1.0 (/private/tmp/serein-resume-baseline-71/crates/discord-api)
   Compiling local-store v0.1.0 (/private/tmp/serein-resume-baseline-71/crates/local-store)
   Compiling discord-gateway v0.1.0 (/private/tmp/serein-resume-baseline-71/crates/discord-gateway)
   Compiling test-support v0.1.0 (/private/tmp/serein-resume-baseline-71/crates/test-support)
   Compiling zip v4.6.1
   Compiling md4 v0.10.2
warning: function `check` is never used
  --> apps/desktop/src/components_demo.rs:74:8
   |
74 | pub fn check() {
   |        ^^^^^
   |
   = note: `#[warn(dead_code)]` (part of `#[warn(unused)]`) on by default

warning: `serein` (bin "serein") generated 1 warning
    Finished `release` profile [optimized + debuginfo] target(s) in 20m 04s
