    Checking model v0.1.0 (/private/tmp/serein-confirmation-pressure/crates/model)
   Compiling wry v0.57.0 (/private/tmp/serein-confirmation-pressure/vendor/wry)
    Checking hpke-rs v0.6.1 (/private/tmp/serein-confirmation-pressure/vendor/hpke-rs)
warning: unexpected `cfg` condition name: `macos_12_unavailable`
   --> vendor/wry/src/wkwebview/class/wry_web_view_ui_delegate.rs:129:13
    |
129 |         #[cfg(not(macos_12_unavailable))]
    |                   ^^^^^^^^^^^^^^^^^^^^
    |
    = help: expected names are: `docsrs`, `feature`, `gtk`, `linux`, and `test` and 32 more
    = help: consider using a Cargo feature instead
    = help: or consider adding in `Cargo.toml` the `check-cfg` lint config for the lint:
             [lints.rust]
             unexpected_cfgs = { level = "warn", check-cfg = ['cfg(macos_12_unavailable)'] }
    = help: or consider adding `println!("cargo::rustc-check-cfg=cfg(macos_12_unavailable)");` to the top of the `build.rs`
    = note: see <https://doc.rust-lang.org/nightly/rustc/check-cfg/cargo-specifics.html> for more information about checking conditional configuration
    = note: requested on the command line with `-W unexpected-cfgs`

warning: use of deprecated static `objc2_app_kit::NSFilenamesPboardType`: Create multiple pasteboard items with NSPasteboardTypeFileURL or kUTTypeFileURL instead
  --> vendor/wry/src/wkwebview/drag_drop.rs:11:54
   |
11 | use objc2_app_kit::{NSDragOperation, NSDraggingInfo, NSFilenamesPboardType};
   |                                                      ^^^^^^^^^^^^^^^^^^^^^
   |
   = note: `#[warn(deprecated)]` on by default

warning: use of deprecated static `objc2_app_kit::NSFilenamesPboardType`: Create multiple pasteboard items with NSPasteboardTypeFileURL or kUTTypeFileURL instead
  --> vendor/wry/src/wkwebview/drag_drop.rs:21:39
   |
21 |     let types = NSArray::arrayWithObject(NSFilenamesPboardType);
   |                                          ^^^^^^^^^^^^^^^^^^^^^

warning: use of deprecated static `objc2_app_kit::NSFilenamesPboardType`: Create multiple pasteboard items with NSPasteboardTypeFileURL or kUTTypeFileURL instead
  --> vendor/wry/src/wkwebview/drag_drop.rs:24:38
   |
24 |         let paths = pb.propertyListForType(NSFilenamesPboardType).unwrap();
   |                                            ^^^^^^^^^^^^^^^^^^^^^

warning: use of deprecated static `objc2_app_kit::NSAlternateKeyMask`
 --> vendor/wry/src/wkwebview/synthetic_mouse_events.rs:2:2
  |
2 |     NSAlternateKeyMask, NSCommandKeyMask, NSControlKeyMask, NSEvent, NSEventType, NSShiftKeyMask,
  |     ^^^^^^^^^^^^^^^^^^

warning: use of deprecated static `objc2_app_kit::NSCommandKeyMask`
 --> vendor/wry/src/wkwebview/synthetic_mouse_events.rs:2:22
  |
2 |     NSAlternateKeyMask, NSCommandKeyMask, NSControlKeyMask, NSEvent, NSEventType, NSShiftKeyMask,
  |                         ^^^^^^^^^^^^^^^^

warning: use of deprecated static `objc2_app_kit::NSControlKeyMask`
 --> vendor/wry/src/wkwebview/synthetic_mouse_events.rs:2:40
  |
2 |     NSAlternateKeyMask, NSCommandKeyMask, NSControlKeyMask, NSEvent, NSEventType, NSShiftKeyMask,
  |                                           ^^^^^^^^^^^^^^^^

warning: use of deprecated static `objc2_app_kit::NSShiftKeyMask`
 --> vendor/wry/src/wkwebview/synthetic_mouse_events.rs:2:80
  |
2 |     NSAlternateKeyMask, NSCommandKeyMask, NSControlKeyMask, NSEvent, NSEventType, NSShiftKeyMask,
  |                                                                                   ^^^^^^^^^^^^^^

warning: use of deprecated static `objc2_app_kit::NSControlKeyMask`
   --> vendor/wry/src/wkwebview/synthetic_mouse_events.rs:116:34
    |
116 |         ctrl_key = mods_flags.contains(NSControlKeyMask),
    |                                        ^^^^^^^^^^^^^^^^

warning: use of deprecated static `objc2_app_kit::NSAlternateKeyMask`
   --> vendor/wry/src/wkwebview/synthetic_mouse_events.rs:117:33
    |
117 |         alt_key = mods_flags.contains(NSAlternateKeyMask),
    |                                       ^^^^^^^^^^^^^^^^^^

warning: use of deprecated static `objc2_app_kit::NSShiftKeyMask`
   --> vendor/wry/src/wkwebview/synthetic_mouse_events.rs:118:35
    |
118 |         shift_key = mods_flags.contains(NSShiftKeyMask),
    |                                         ^^^^^^^^^^^^^^

warning: use of deprecated static `objc2_app_kit::NSCommandKeyMask`
   --> vendor/wry/src/wkwebview/synthetic_mouse_events.rs:119:34
    |
119 |         meta_key = mods_flags.contains(NSCommandKeyMask),
    |                                        ^^^^^^^^^^^^^^^^

warning: unnecessary `unsafe` block
  --> vendor/wry/src/wkwebview/drag_drop.rs:40:20
   |
40 |     let dl: NSPoint = unsafe { drag_info.draggingLocation() };
   |                       ^^^^^^ unnecessary `unsafe` block
   |
   = note: `#[warn(unused_unsafe)]` (part of `#[warn(unused)]`) on by default

warning: unnecessary `unsafe` block
  --> vendor/wry/src/wkwebview/drag_drop.rs:57:20
   |
57 |     let dl: NSPoint = unsafe { drag_info.draggingLocation() };
   |                       ^^^^^^ unnecessary `unsafe` block

warning: unnecessary `unsafe` block
  --> vendor/wry/src/wkwebview/drag_drop.rs:85:20
   |
85 |     let dl: NSPoint = unsafe { drag_info.draggingLocation() };
   |                       ^^^^^^ unnecessary `unsafe` block

warning: unnecessary `unsafe` block
  --> vendor/wry/src/wkwebview/class/wry_web_view_parent.rs:33:4
   |
33 |             unsafe {
   |             ^^^^^^ unnecessary `unsafe` block

warning: unnecessary `unsafe` block
  --> vendor/wry/src/wkwebview/class/wry_web_view_ui_delegate.rs:43:3
   |
43 |         unsafe {
   |         ^^^^^^ unnecessary `unsafe` block

warning: `wry` (lib) generated 17 warnings
    Checking openmls_rust_crypto v0.5.1
   Compiling discord-voice v0.1.0 (/private/tmp/serein-confirmation-pressure/crates/discord-voice)
    Checking session-cache v0.1.0 (/private/tmp/serein-confirmation-pressure/crates/session-cache)
    Checking client-core v0.1.0 (/private/tmp/serein-confirmation-pressure/crates/client-core)
    Checking discord-protocol v0.1.0 (/private/tmp/serein-confirmation-pressure/crates/discord-protocol)
    Checking davey v0.1.4 (/private/tmp/serein-confirmation-pressure/vendor/davey)
    Checking platform v0.1.0 (/private/tmp/serein-confirmation-pressure/crates/platform)
    Checking extensions v0.1.0 (/private/tmp/serein-confirmation-pressure/crates/extensions)
   Compiling serein v0.1.0 (/private/tmp/serein-confirmation-pressure/apps/desktop)
    Checking discord-gateway v0.1.0 (/private/tmp/serein-confirmation-pressure/crates/discord-gateway)
    Checking ui v0.1.0 (/private/tmp/serein-confirmation-pressure/crates/ui)
    Checking discord-api v0.1.0 (/private/tmp/serein-confirmation-pressure/crates/discord-api)
    Checking local-store v0.1.0 (/private/tmp/serein-confirmation-pressure/crates/local-store)
    Checking test-support v0.1.0 (/private/tmp/serein-confirmation-pressure/crates/test-support)
    Finished `dev` profile [unoptimized + debuginfo] target(s) in 47.77s
